// Jest Snapshot v1, https://goo.gl/fbAQLP

exports[`CharizardComponent should match with snapshot 1`] = `"Pok√©monLoading..."`;
